../../Drivers/STM32WLxx_HAL_Driver/Inc/stm32wlxx_ll_rcc.h:1257:22:LL_RCC_LSE_SetDriveCapability	16	static
../../Drivers/STM32WLxx_HAL_Driver/Inc/stm32wlxx_ll_bus.h:287:22:LL_AHB1_GRP1_EnableClock	24	static
../../Drivers/STM32WLxx_HAL_Driver/Inc/stm32wlxx_ll_bus.h:449:22:LL_AHB2_GRP1_EnableClock	24	static
../Core/Src/main.c:75:5:main	8	static,ignoring_inline_asm
../Core/Src/main.c:126:6:SystemClock_Config	112	static
../Core/Src/main.c:176:13:MX_USART1_UART_Init	8	static
../Core/Src/main.c:224:13:MX_USART2_UART_Init	8	static
../Core/Src/main.c:270:13:MX_DMA_Init	8	static
../Core/Src/main.c:289:13:MX_GPIO_Init	8	static
../Core/Src/main.c:300:6:HAL_UARTEx_RxEventCallback	24	static
../Core/Src/main.c:320:6:Error_Handler	4	static,ignoring_inline_asm
